comment:
  - id : 1
    comment_type : 0
    text : "Hello Test"
    persist_date : 2021-12-13T18:09:52.716
    last_redaction_date : 2021-12-13T18:09:52.716
    user_id: 100
  - id : 2
    comment_type : 0
    text : "Hello Test2"
    persist_date : 2021-12-13T18:09:52.716
    last_redaction_date : 2021-12-13T18:09:52.716
    user_id: 101