votes_on_answers:
  - id: 1
    persist_date: 2021-12-13 15:09:52.715570
    vote: UP_VOTE
    answer_id: 100
    user_id: 101