answer:
  - id: 1
    date_accept_time: 2021-12-13 15:09:52.715570
    html_body: "answer # 1 about Question 1"
    is_deleted: false
    is_deleted_by_moderator: false
    is_helpful: false
    persist_date: 2021-12-13 15:09:52.715570
    update_date: 2021-12-13 15:09:52.715570
    question_id: 101
    user_id: 100
  - id: 2
    date_accept_time: 2021-12-13 15:09:52.715570
    html_body: "answer # 2 about Question 1"
    is_deleted: false
    is_deleted_by_moderator: false
    is_helpful: false
    persist_date: 2021-12-13 15:09:52.715570
    update_date: 2021-12-13 15:09:52.715570
    question_id: 101
    user_id: 101